#0 building with "desktop-linux" instance using docker driver

#1 [internal] load build definition from Dockerfile
#1 transferring dockerfile: 859B done
#1 DONE 0.0s

#2 [internal] load metadata for docker.io/library/nginx:alpine
#2 DONE 1.2s

#3 [internal] load metadata for docker.io/library/node:18-alpine
#3 DONE 1.3s

#4 [internal] load .dockerignore
#4 transferring context: 113B done
#4 DONE 0.0s

#5 [build 1/6] FROM docker.io/library/node:18-alpine@sha256:8d6421d663b4c28fd3ebc498332f249011d118945588d0a35cb9bc4b8ca09d9e
#5 resolve docker.io/library/node:18-alpine@sha256:8d6421d663b4c28fd3ebc498332f249011d118945588d0a35cb9bc4b8ca09d9e 0.0s done
#5 DONE 0.0s

#6 [internal] load build context
#6 transferring context: 2.30kB 0.0s done
#6 DONE 0.1s

#7 [stage-1 1/4] FROM docker.io/library/nginx:alpine@sha256:e7257f1ef28ba17cf7c248cb8ccf6f0c6e0228ab9c315c152f9c203cd34cf6d1
#7 resolve docker.io/library/nginx:alpine@sha256:e7257f1ef28ba17cf7c248cb8ccf6f0c6e0228ab9c315c152f9c203cd34cf6d1 0.0s done
#7 DONE 0.1s

#8 [stage-1 2/4] RUN rm -rf /usr/share/nginx/html/*
#8 CACHED

#9 [stage-1 3/4] COPY nginx.conf /etc/nginx/conf.d/default.conf
#9 CACHED

#10 [build 2/6] WORKDIR /app
#10 CACHED

#11 [build 3/6] COPY package*.json ./
#11 CACHED

#12 [build 4/6] RUN npm install
#12 CACHED

#13 [build 5/6] COPY . .
#13 DONE 0.0s

#14 [build 6/6] RUN npm run build
#14 0.409 
#14 0.409 > elementum@0.0.0 build
#14 0.409 > vite build
#14 0.409 
#14 0.476 You are using Node.js 18.20.8. Vite requires Node.js version 20.19+ or 22.12+. Please upgrade your Node.js version.
#14 0.484 file:///app/node_modules/vite/dist/node/cli.js:534
#14 0.484 				this.dispatchEvent(new CustomEvent(`command:${commandName}`, { detail: command }));
#14 0.484 				                       ^
#14 0.484 
#14 0.484 ReferenceError: CustomEvent is not defined
#14 0.484     at CAC.parse (file:///app/node_modules/vite/dist/node/cli.js:534:28)
#14 0.484     at file:///app/node_modules/vite/dist/node/cli.js:835:5
#14 0.484     at ModuleJob.run (node:internal/modules/esm/module_job:195:25)
#14 0.484     at async ModuleLoader.import (node:internal/modules/esm/loader:337:24)
#14 0.484 
#14 0.484 Node.js v18.20.8
#14 ERROR: process "/bin/sh -c npm run build" did not complete successfully: exit code: 1
------
 > [build 6/6] RUN npm run build:
0.484 				this.dispatchEvent(new CustomEvent(`command:${commandName}`, { detail: command }));
0.484 				                       ^
0.484 
0.484 ReferenceError: CustomEvent is not defined
0.484     at CAC.parse (file:///app/node_modules/vite/dist/node/cli.js:534:28)
0.484     at file:///app/node_modules/vite/dist/node/cli.js:835:5
0.484     at ModuleJob.run (node:internal/modules/esm/module_job:195:25)
0.484     at async ModuleLoader.import (node:internal/modules/esm/loader:337:24)
0.484 
0.484 Node.js v18.20.8
------
Dockerfile:15
--------------------
  13 |     # Copy source code and build
  14 |     COPY . .
  15 | >>> RUN npm run build
  16 |     
  17 |     # -------------------------
--------------------
ERROR: failed to build: failed to solve: process "/bin/sh -c npm run build" did not complete successfully: exit code: 1
